// Jest Snapshot v1, https://goo.gl/fbAQLP

exports[`matches snapshot 1`] = `
<DocumentFragment>
  <header>
    <nav
      class="NavBar"
    >
      <div
        class="Logo"
      >
        <a
          class="Link"
          href="/"
        >
          Christopher Dierkens
        </a>
      </div>
      <div
        class="Links"
      >
        <div
          class="LinksWrapper"
        >
          <a
            class="Link"
            href="/blog"
          >
            Blog
          </a>
        </div>
      </div>
    </nav>
  </header>
  <main />
  <footer />
</DocumentFragment>
`;
